D:/STM_CODES/Discovery/x-cube-n6-camera-capture-main/nucleo/x-cube-n6-camera-capture-main/Src/app.c:389:13:isp_thread_fct	8	static
D:/STM_CODES/Discovery/x-cube-n6-camera-capture-main/nucleo/x-cube-n6-camera-capture-main/Src/app.c:197:12:lp_init	8	static
D:/STM_CODES/Discovery/x-cube-n6-camera-capture-main/nucleo/x-cube-n6-camera-capture-main/Src/app.c:154:13:sr_unlock.constprop	8	static
D:/STM_CODES/Discovery/x-cube-n6-camera-capture-main/nucleo/x-cube-n6-camera-capture-main/Src/app.c:146:13:sr_lock.constprop	8	static
D:/STM_CODES/Discovery/x-cube-n6-camera-capture-main/nucleo/x-cube-n6-camera-capture-main/Src/app.c:434:13:app_uvc_streaming_active	16	static
D:/STM_CODES/Discovery/x-cube-n6-camera-capture-main/nucleo/x-cube-n6-camera-capture-main/Src/app.c:441:13:app_uvc_streaming_inactive	8	static
D:/STM_CODES/Discovery/x-cube-n6-camera-capture-main/nucleo/x-cube-n6-camera-capture-main/Src/app.c:217:13:lp_unlock.isra	8	static
D:/STM_CODES/Discovery/x-cube-n6-camera-capture-main/nucleo/x-cube-n6-camera-capture-main/Src/app.c:209:13:lp_lock.isra	8	static
D:/STM_CODES/Discovery/x-cube-n6-camera-capture-main/nucleo/x-cube-n6-camera-capture-main/Src/app.c:225:12:lp_push	16	static
D:/STM_CODES/Discovery/x-cube-n6-camera-capture-main/nucleo/x-cube-n6-camera-capture-main/Src/app.c:242:23:lp_pop	16	static
D:/STM_CODES/Discovery/x-cube-n6-camera-capture-main/nucleo/x-cube-n6-camera-capture-main/Src/app.c:411:13:capture_thread_fct	24	static
D:/STM_CODES/Discovery/x-cube-n6-camera-capture-main/nucleo/x-cube-n6-camera-capture-main/Src/app.c:263:23:lp_remove_buffer.constprop	16	static
D:/STM_CODES/Discovery/x-cube-n6-camera-capture-main/nucleo/x-cube-n6-camera-capture-main/Src/app.c:597:13:uvc_thread_fct	88	static
D:/STM_CODES/Discovery/x-cube-n6-camera-capture-main/nucleo/x-cube-n6-camera-capture-main/Src/app.c:448:13:app_uvc_frame_release	8	static
D:/STM_CODES/Discovery/x-cube-n6-camera-capture-main/nucleo/x-cube-n6-camera-capture-main/Src/app.c:92:6:APP_SetFrameCallback	0	static
D:/STM_CODES/Discovery/x-cube-n6-camera-capture-main/nucleo/x-cube-n6-camera-capture-main/Src/app.c:701:6:app_run	224	static
D:/STM_CODES/Discovery/x-cube-n6-camera-capture-main/nucleo/x-cube-n6-camera-capture-main/Src/app.c:746:5:CMW_CAMERA_PIPE_FrameEventCallback	16	static
D:/STM_CODES/Discovery/x-cube-n6-camera-capture-main/nucleo/x-cube-n6-camera-capture-main/Src/app.c:761:5:CMW_CAMERA_PIPE_VsyncEventCallback	16	static
