D:/STM_CODES/Discovery/x-cube-n6-camera-capture-main/nucleo/x-cube-n6-camera-capture-main/Src/app_cam.c:168:6:CAM_Init	112	static
D:/STM_CODES/Discovery/x-cube-n6-camera-capture-main/nucleo/x-cube-n6-camera-capture-main/Src/app_cam.c:193:6:CAM_SetSliceROI	56	static
D:/STM_CODES/Discovery/x-cube-n6-camera-capture-main/nucleo/x-cube-n6-camera-capture-main/Src/app_cam.c:203:6:CAM_CapturePipe_Start	8	static
D:/STM_CODES/Discovery/x-cube-n6-camera-capture-main/nucleo/x-cube-n6-camera-capture-main/Src/app_cam.c:211:6:CAM_IspUpdate	8	static
D:/STM_CODES/Discovery/x-cube-n6-camera-capture-main/nucleo/x-cube-n6-camera-capture-main/Src/app_cam.c:219:6:CAM_Deinit	8	static
D:/STM_CODES/Discovery/x-cube-n6-camera-capture-main/nucleo/x-cube-n6-camera-capture-main/Src/app_cam.c:227:6:CMW_CAMERA_PIPE_ErrorCallback	0	static
D:/STM_CODES/Discovery/x-cube-n6-camera-capture-main/nucleo/x-cube-n6-camera-capture-main/Src/app_cam.c:242:6:CAM_CountVsyncFrame	0	static
D:/STM_CODES/Discovery/x-cube-n6-camera-capture-main/nucleo/x-cube-n6-camera-capture-main/Src/app_cam.c:254:6:CAM_ResetFrameCounter	0	static
D:/STM_CODES/Discovery/x-cube-n6-camera-capture-main/nucleo/x-cube-n6-camera-capture-main/Src/app_cam.c:262:10:CAM_GetFrameCount	0	static
D:/STM_CODES/Discovery/x-cube-n6-camera-capture-main/nucleo/x-cube-n6-camera-capture-main/Src/app_cam.c:287:5:CAM_CaptureSingleFrame	80	static
D:/STM_CODES/Discovery/x-cube-n6-camera-capture-main/nucleo/x-cube-n6-camera-capture-main/Src/app_cam.c:383:5:CAM_CaptureSingleFrame_DefaultWarmup	16	static
