D:/STM_CODES/Discovery/x-cube-n6-camera-capture-main/nucleo/x-cube-n6-camera-capture-main/Src/fx_stm32_sd_driver_glue.c:69:6:HAL_SD_MspInit	448	static
D:/STM_CODES/Discovery/x-cube-n6-camera-capture-main/nucleo/x-cube-n6-camera-capture-main/Src/fx_stm32_sd_driver_glue.c:127:6:SDMMC2_IRQHandler	0	static
D:/STM_CODES/Discovery/x-cube-n6-camera-capture-main/nucleo/x-cube-n6-camera-capture-main/Src/fx_stm32_sd_driver_glue.c:145:5:fx_stm32_sd_init	24	static
D:/STM_CODES/Discovery/x-cube-n6-camera-capture-main/nucleo/x-cube-n6-camera-capture-main/Src/fx_stm32_sd_driver_glue.c:212:5:fx_stm32_sd_deinit	0	static
D:/STM_CODES/Discovery/x-cube-n6-camera-capture-main/nucleo/x-cube-n6-camera-capture-main/Src/fx_stm32_sd_driver_glue.c:224:5:fx_stm32_sd_get_status	8	static
D:/STM_CODES/Discovery/x-cube-n6-camera-capture-main/nucleo/x-cube-n6-camera-capture-main/Src/fx_stm32_sd_driver_glue.c:238:5:fx_stm32_sd_read_blocks	16	static
D:/STM_CODES/Discovery/x-cube-n6-camera-capture-main/nucleo/x-cube-n6-camera-capture-main/Src/fx_stm32_sd_driver_glue.c:259:5:fx_stm32_sd_write_blocks	16	static
D:/STM_CODES/Discovery/x-cube-n6-camera-capture-main/nucleo/x-cube-n6-camera-capture-main/Src/fx_stm32_sd_driver_glue.c:279:6:HAL_SD_TxCpltCallback	0	static
D:/STM_CODES/Discovery/x-cube-n6-camera-capture-main/nucleo/x-cube-n6-camera-capture-main/Src/fx_stm32_sd_driver_glue.c:289:6:HAL_SD_RxCpltCallback	0	static
