D:/STM_CODES/Discovery/x-cube-n6-camera-capture-main/nucleo/x-cube-n6-camera-capture-main/Src/main.c:574:13:btn_thread_fct	21
D:/STM_CODES/Discovery/x-cube-n6-camera-capture-main/nucleo/x-cube-n6-camera-capture-main/Src/main.c:687:13:main_thread_fct	18
D:/STM_CODES/Discovery/x-cube-n6-camera-capture-main/nucleo/x-cube-n6-camera-capture-main/Src/main.c:156:5:main	1
D:/STM_CODES/Discovery/x-cube-n6-camera-capture-main/nucleo/x-cube-n6-camera-capture-main/Src/main.c:260:6:IAC_IRQHandler	1
D:/STM_CODES/Discovery/x-cube-n6-camera-capture-main/nucleo/x-cube-n6-camera-capture-main/Src/main.c:842:19:MX_DCMIPP_ClockConfig	2
D:/STM_CODES/Discovery/x-cube-n6-camera-capture-main/nucleo/x-cube-n6-camera-capture-main/Src/main.c:868:6:HAL_PCD_MspInit	2
D:/STM_CODES/Discovery/x-cube-n6-camera-capture-main/nucleo/x-cube-n6-camera-capture-main/Src/main.c:927:6:PeriphCommonClock_Config	1
D:/STM_CODES/Discovery/x-cube-n6-camera-capture-main/nucleo/x-cube-n6-camera-capture-main/Src/main.c:951:6:assert_failed	1
D:/STM_CODES/Discovery/x-cube-n6-camera-capture-main/nucleo/x-cube-n6-camera-capture-main/Src/main.c:965:6:app_clean_invalidate_dbg	3
