D:/STM_CODES/Discovery/x-cube-n6-camera-capture-main/nucleo/x-cube-n6-camera-capture-main/Src/ws2812.c:44:6:HAL_TIM_PWM_PulseFinishedCallback	8	static
D:/STM_CODES/Discovery/x-cube-n6-camera-capture-main/nucleo/x-cube-n6-camera-capture-main/Src/ws2812.c:128:9:WS2812_GetBrightness	0	static
D:/STM_CODES/Discovery/x-cube-n6-camera-capture-main/nucleo/x-cube-n6-camera-capture-main/Src/ws2812.c:136:6:WS2812_Update	32	static,ignoring_inline_asm
D:/STM_CODES/Discovery/x-cube-n6-camera-capture-main/nucleo/x-cube-n6-camera-capture-main/Src/ws2812.c:78:6:WS2812_SetColor	0	static
D:/STM_CODES/Discovery/x-cube-n6-camera-capture-main/nucleo/x-cube-n6-camera-capture-main/Src/ws2812.c:99:6:WS2812_TurnOn	8	static
D:/STM_CODES/Discovery/x-cube-n6-camera-capture-main/nucleo/x-cube-n6-camera-capture-main/Src/ws2812.c:108:6:WS2812_TurnOff	8	static
D:/STM_CODES/Discovery/x-cube-n6-camera-capture-main/nucleo/x-cube-n6-camera-capture-main/Src/ws2812.c:59:6:WS2812_Init	8	static
D:/STM_CODES/Discovery/x-cube-n6-camera-capture-main/nucleo/x-cube-n6-camera-capture-main/Src/ws2812.c:117:6:WS2812_SetBrightness	0	static
