D:/STM_CODES/Discovery/x-cube-n6-camera-capture-main/nucleo/x-cube-n6-camera-capture-main/STM32Cube_FW_N6/Drivers/CMSIS/Device/ST/STM32N6xx/Source/Templates/system_stm32n6xx_fsbl.c:175:6:SystemInit	16	static
D:/STM_CODES/Discovery/x-cube-n6-camera-capture-main/nucleo/x-cube-n6-camera-capture-main/STM32Cube_FW_N6/Drivers/CMSIS/Device/ST/STM32N6xx/Source/Templates/system_stm32n6xx_fsbl.c:330:6:SystemCoreClockUpdate	20	static
D:/STM_CODES/Discovery/x-cube-n6-camera-capture-main/nucleo/x-cube-n6-camera-capture-main/STM32Cube_FW_N6/Drivers/CMSIS/Device/ST/STM32N6xx/Source/Templates/system_stm32n6xx_fsbl.c:483:24:SECURE_SystemCoreClockUpdate	8	static
