D:/STM_CODES/Discovery/x-cube-n6-camera-capture-main/nucleo/x-cube-n6-camera-capture-main/STM32Cube_FW_N6/Drivers/STM32N6xx_HAL_Driver/Src/stm32n6xx_hal_msp_template.c:55:6:HAL_MspInit	0	static
D:/STM_CODES/Discovery/x-cube-n6-camera-capture-main/nucleo/x-cube-n6-camera-capture-main/STM32Cube_FW_N6/Drivers/STM32N6xx_HAL_Driver/Src/stm32n6xx_hal_msp_template.c:64:6:HAL_MspDeInit	0	static
D:/STM_CODES/Discovery/x-cube-n6-camera-capture-main/nucleo/x-cube-n6-camera-capture-main/STM32Cube_FW_N6/Drivers/STM32N6xx_HAL_Driver/Src/stm32n6xx_hal_msp_template.c:94:6:HAL_TIM_Base_MspInit	24	static
D:/STM_CODES/Discovery/x-cube-n6-camera-capture-main/nucleo/x-cube-n6-camera-capture-main/STM32Cube_FW_N6/Drivers/STM32N6xx_HAL_Driver/Src/stm32n6xx_hal_msp_template.c:135:6:HAL_TIM_MspPostInit	32	static
D:/STM_CODES/Discovery/x-cube-n6-camera-capture-main/nucleo/x-cube-n6-camera-capture-main/STM32Cube_FW_N6/Drivers/STM32N6xx_HAL_Driver/Src/stm32n6xx_hal_msp_template.c:167:6:HAL_TIM_Base_MspDeInit	0	static
D:/STM_CODES/Discovery/x-cube-n6-camera-capture-main/nucleo/x-cube-n6-camera-capture-main/STM32Cube_FW_N6/Drivers/STM32N6xx_HAL_Driver/Src/stm32n6xx_hal_msp_template.c:204:6:HAL_I2C_MspInit	448	static
D:/STM_CODES/Discovery/x-cube-n6-camera-capture-main/nucleo/x-cube-n6-camera-capture-main/STM32Cube_FW_N6/Drivers/STM32N6xx_HAL_Driver/Src/stm32n6xx_hal_msp_template.c:261:6:HAL_I2C_MspDeInit	8	static
